>>> from 7-base_geometry import BaseGeometry
>>> bg = BaseGeometry()

>>> bg.integer_validator("width", 10)  # Valid case, no exception
>>> bg.integer_validator("height", 20)  # Valid case, no exception

>>> bg.integer_validator("width", "ten")
Traceback (most recent call last):
    ...
TypeError: width must be an integer

>>> bg.integer_validator("height", 0)
Traceback (most recent call last):
    ...
ValueError: height must be greater than 0

>>> bg.integer_validator("length", -5)
Traceback (most recent call last):
    ...
ValueError: length must be greater than 0

>>> bg.area()
Traceback (most recent call last):
    ...
Exception: area() is not implemented

