>>> from 7-base_geometry import BaseGeometry
>>> bg = BaseGeometry()
>>> isinstance(bg, BaseGeometry)
True
>>> bg.area()
Traceback (most recent call last):
    ...
Exception: area() is not implemented
>>> bg.integer_validator("age", 1)
>>> bg.integer_validator("age", 5)
>>> bg.integer_validator("age", "4")
Traceback (most recent call last):
    ...
TypeError: age must be an integer
>>> bg.integer_validator("age", (4,))
Traceback (most recent call last):
    ...
TypeError: age must be an integer
>>> bg.integer_validator("age", [3])
Traceback (most recent call last):
    ...
TypeError: age must be an integer
>>> bg.integer_validator("age", True)
Traceback (most recent call last):
    ...
TypeError: age must be an integer
>>> bg.integer_validator("age", {3, 4})
Traceback (most recent call last):
    ...
TypeError: age must be an integer
>>> bg.integer_validator("age", None)
Traceback (most recent call last):
    ...
TypeError: age must be an integer
